../Core/Src/app_main.c:45:13:setSoftPWM	32	static
../Core/Src/app_main.c:96:6:toggle_blue_led	8	static
../Core/Src/app_main.c:106:6:pir_interrupt	8	static
../Core/Src/app_main.c:115:6:timer_interrupt	8	static
../Core/Src/app_main.c:137:6:power_off_detect	8	static
../Core/Src/app_main.c:146:13:MX_DMA_Init	16	static
../Core/Src/app_main.c:157:13:pwr_off_detected	8	static
../Core/Src/app_main.c:170:13:clock_speed_slow	88	static
../Core/Src/app_main.c:215:13:clock_speed_high	88	static
../Core/Src/app_main.c:278:13:load_param	16	static
../Core/Src/app_main.c:310:17:store_param	24	static,ignoring_inline_asm
../Core/Src/app_main.c:377:13:save_data	8	static
../Core/Src/app_main.c:450:13:init_scd30_i2c	16	static
../Core/Src/app_main.c:475:6:get_scd30_measurement	144	static
../Core/Src/app_main.c:517:6:get_scd30_measurement_	144	static
../Core/Src/app_main.c:555:13:init_sps30	56	static
../Core/Src/app_main.c:592:6:get_sps30_measurement	160	static
../Core/Src/app_main.c:636:13:check_peripheral_error	64	static
../Core/Src/app_main.c:671:13:sensor_calibration	8	static
../Core/Src/app_main.c:686:13:sleep	8	static
../Core/Src/app_main.c:745:13:wakeup	8	static
../Core/Src/app_main.c:803:13:green_led_blink	8	static
../Core/Src/app_main.c:821:13:led_awake_routine	8	static
../Core/Src/app_main.c:947:6:blink_red	8	static
../Core/Src/app_main.c:961:13:led_awake_routine1	8	static
../Core/Src/app_main.c:1090:7:ver_GetUid	24	static
../Core/Src/app_main.c:1112:6:run_console_from_scd30	8	static
../Core/Src/app_main.c:1123:6:app_main	40	static
