../Core/Src/app_main.c:42:13:setSoftPWM	32	static
../Core/Src/app_main.c:92:6:toggle_blue_led	8	static
../Core/Src/app_main.c:106:6:pir_interrupt	8	static
../Core/Src/app_main.c:115:6:timer_interrupt	8	static
../Core/Src/app_main.c:137:6:power_off_detect	8	static
../Core/Src/app_main.c:145:13:MX_DMA_Init	16	static
../Core/Src/app_main.c:156:13:pwr_off_detected	8	static
../Core/Src/app_main.c:167:13:clock_speed_slow	88	static
../Core/Src/app_main.c:224:13:clock_speed_high	88	static
../Core/Src/app_main.c:287:13:load_param	16	static
../Core/Src/app_main.c:313:17:store_param	24	static,ignoring_inline_asm
../Core/Src/app_main.c:380:13:save_data	8	static
../Core/Src/app_main.c:403:13:init_scd4x_i2c	16	static
../Core/Src/app_main.c:415:13:get_scd4x_measurement	72	static
../Core/Src/app_main.c:449:13:init_sps30	56	static
../Core/Src/app_main.c:486:13:get_sps30_measurement	160	static
../Core/Src/app_main.c:530:13:check_peripheral_error	8	static
../Core/Src/app_main.c:551:13:sensor_calibration	8	static
../Core/Src/app_main.c:566:13:sleep	8	static
../Core/Src/app_main.c:596:13:wakeup	8	static
../Core/Src/app_main.c:638:13:green_led_blink	8	static
../Core/Src/app_main.c:656:13:led_awake_routine	8	static
../Core/Src/app_main.c:769:7:ver_GetUid	24	static
../Core/Src/app_main.c:791:6:app_main	40	static
