../Core/Src/app_main.c:43:13:setSoftPWM	32	static
../Core/Src/app_main.c:94:6:toggle_blue_led	8	static
../Core/Src/app_main.c:104:6:pir_interrupt	8	static
../Core/Src/app_main.c:113:6:timer_interrupt	8	static
../Core/Src/app_main.c:135:6:power_off_detect	8	static
../Core/Src/app_main.c:146:13:MX_DMA_Init	16	static
../Core/Src/app_main.c:157:13:pwr_off_detected	8	static
../Core/Src/app_main.c:170:13:clock_speed_slow	88	static
../Core/Src/app_main.c:227:13:clock_speed_high	88	static
../Core/Src/app_main.c:290:13:load_param	16	static
../Core/Src/app_main.c:322:17:store_param	24	static,ignoring_inline_asm
../Core/Src/app_main.c:389:13:save_data	8	static
../Core/Src/app_main.c:412:13:init_scd4x_i2c	16	static
../Core/Src/app_main.c:424:6:get_scd4x_measurement	72	static
../Core/Src/app_main.c:458:13:init_sps30	56	static
../Core/Src/app_main.c:495:6:get_sps30_measurement	160	static
../Core/Src/app_main.c:539:13:check_peripheral_error	8	static
../Core/Src/app_main.c:560:13:sensor_calibration	8	static
../Core/Src/app_main.c:575:13:sleep	8	static
../Core/Src/app_main.c:606:13:wakeup	8	static
../Core/Src/app_main.c:655:13:green_led_blink	8	static
../Core/Src/app_main.c:673:13:led_awake_routine	8	static
../Core/Src/app_main.c:799:6:blink_red	8	static
../Core/Src/app_main.c:813:13:led_awake_routine1	8	static
../Core/Src/app_main.c:942:7:ver_GetUid	24	static
../Core/Src/app_main.c:964:6:app_main	40	static
