../Core/Src/app_main.c:41:13:setSoftPWM	32	static
../Core/Src/app_main.c:89:6:pir_interrupt	8	static
../Core/Src/app_main.c:98:6:timer_interrupt	8	static
../Core/Src/app_main.c:120:6:power_off_detect	8	static
../Core/Src/app_main.c:129:13:MX_DMA_Init	16	static
../Core/Src/app_main.c:141:13:pwr_off_detected	8	static
../Core/Src/app_main.c:154:13:clock_speed_slow	88	static
../Core/Src/app_main.c:211:13:clock_speed_high	88	static
../Core/Src/app_main.c:274:13:load_param	16	static
../Core/Src/app_main.c:300:17:store_param	24	static,ignoring_inline_asm
../Core/Src/app_main.c:367:13:save_data	8	static
../Core/Src/app_main.c:390:13:init_scd4x_i2c	16	static
../Core/Src/app_main.c:402:13:get_scd4x_measurement	72	static
../Core/Src/app_main.c:436:13:init_sps30	56	static
../Core/Src/app_main.c:473:13:get_sps30_measurement	160	static
../Core/Src/app_main.c:517:13:check_peripheral_error	8	static
../Core/Src/app_main.c:538:13:sensor_calibration	8	static
../Core/Src/app_main.c:559:13:sleep	8	static
../Core/Src/app_main.c:592:13:wakeup	8	static
../Core/Src/app_main.c:636:13:green_led_blink	8	static
../Core/Src/app_main.c:655:13:led_awake_routine	8	static
../Core/Src/app_main.c:726:7:ver_GetUid	24	static
../Core/Src/app_main.c:748:6:app_main	40	static
