../Core/Src/app_main.c:46:13:setSoftPWM	32	static
../Core/Src/app_main.c:97:6:toggle_blue_led	8	static
../Core/Src/app_main.c:107:6:pir_interrupt	8	static
../Core/Src/app_main.c:116:6:timer_interrupt	8	static
../Core/Src/app_main.c:138:6:power_off_detect	8	static
../Core/Src/app_main.c:147:13:MX_DMA_Init	16	static
../Core/Src/app_main.c:158:13:pwr_off_detected	8	static
../Core/Src/app_main.c:171:13:clock_speed_slow	88	static
../Core/Src/app_main.c:216:13:clock_speed_high	88	static
../Core/Src/app_main.c:279:13:load_param	16	static
../Core/Src/app_main.c:311:17:store_param	24	static,ignoring_inline_asm
../Core/Src/app_main.c:378:13:save_data	8	static
../Core/Src/app_main.c:451:13:init_scd30_i2c	16	static
../Core/Src/app_main.c:476:6:get_scd30_measurement	144	static
../Core/Src/app_main.c:523:6:get_scd30_measurement_	144	static
../Core/Src/app_main.c:561:13:init_sps30	56	static
../Core/Src/app_main.c:598:6:get_sps30_measurement	160	static
../Core/Src/app_main.c:642:13:check_peripheral_error	64	static
../Core/Src/app_main.c:681:13:sensor_calibration	8	static
../Core/Src/app_main.c:696:13:sleep	8	static
../Core/Src/app_main.c:761:13:wakeup	8	static
../Core/Src/app_main.c:827:13:green_led_blink	8	static
../Core/Src/app_main.c:845:7:led_awake_routine	8	static
../Core/Src/app_main.c:971:6:blink_red	8	static
../Core/Src/app_main.c:985:13:led_awake_routine1	8	static
../Core/Src/app_main.c:1115:7:ver_GetUid	24	static
../Core/Src/app_main.c:1137:6:run_console_from_scd30	8	static
../Core/Src/app_main.c:1148:6:app_main	40	static
