../Core/Src/app_main.c:43:13:setSoftPWM	32	static
../Core/Src/app_main.c:94:6:toggle_blue_led	8	static
../Core/Src/app_main.c:108:6:pir_interrupt	8	static
../Core/Src/app_main.c:117:6:timer_interrupt	8	static
../Core/Src/app_main.c:139:6:power_off_detect	8	static
../Core/Src/app_main.c:147:13:MX_DMA_Init	16	static
../Core/Src/app_main.c:158:13:pwr_off_detected	8	static
../Core/Src/app_main.c:171:13:clock_speed_slow	88	static
../Core/Src/app_main.c:228:13:clock_speed_high	88	static
../Core/Src/app_main.c:291:13:load_param	16	static
../Core/Src/app_main.c:317:17:store_param	24	static,ignoring_inline_asm
../Core/Src/app_main.c:384:13:save_data	8	static
../Core/Src/app_main.c:407:13:init_scd4x_i2c	16	static
../Core/Src/app_main.c:419:6:get_scd4x_measurement	72	static
../Core/Src/app_main.c:453:13:init_sps30	56	static
../Core/Src/app_main.c:490:7:get_sps30_measurement	160	static
../Core/Src/app_main.c:534:13:check_peripheral_error	8	static
../Core/Src/app_main.c:555:13:sensor_calibration	8	static
../Core/Src/app_main.c:570:13:sleep	8	static
../Core/Src/app_main.c:605:13:wakeup	8	static
../Core/Src/app_main.c:648:13:green_led_blink	8	static
../Core/Src/app_main.c:666:13:led_awake_routine	8	static
../Core/Src/app_main.c:805:6:blink_red	8	static
../Core/Src/app_main.c:821:13:led_awake_routine1	8	static
../Core/Src/app_main.c:963:7:ver_GetUid	24	static
../Core/Src/app_main.c:985:6:app_main	40	static
