../Core/Src/app_main.c:43:13:setSoftPWM	32	static
../Core/Src/app_main.c:94:6:toggle_blue_led	8	static
../Core/Src/app_main.c:108:6:pir_interrupt	8	static
../Core/Src/app_main.c:117:6:timer_interrupt	8	static
../Core/Src/app_main.c:139:6:power_off_detect	8	static
../Core/Src/app_main.c:147:13:MX_DMA_Init	16	static
../Core/Src/app_main.c:158:13:pwr_off_detected	8	static
../Core/Src/app_main.c:171:13:clock_speed_slow	88	static
../Core/Src/app_main.c:228:13:clock_speed_high	88	static
../Core/Src/app_main.c:291:13:load_param	16	static
../Core/Src/app_main.c:324:17:store_param	24	static,ignoring_inline_asm
../Core/Src/app_main.c:391:13:save_data	8	static
../Core/Src/app_main.c:414:13:init_scd4x_i2c	16	static
../Core/Src/app_main.c:426:6:get_scd4x_measurement	72	static
../Core/Src/app_main.c:460:13:init_sps30	56	static
../Core/Src/app_main.c:497:7:get_sps30_measurement	160	static
../Core/Src/app_main.c:541:13:check_peripheral_error	8	static
../Core/Src/app_main.c:562:13:sensor_calibration	8	static
../Core/Src/app_main.c:577:13:sleep	8	static
../Core/Src/app_main.c:612:13:wakeup	8	static
../Core/Src/app_main.c:655:13:green_led_blink	8	static
../Core/Src/app_main.c:673:13:led_awake_routine	8	static
../Core/Src/app_main.c:812:6:blink_red	8	static
../Core/Src/app_main.c:828:13:led_awake_routine1	8	static
../Core/Src/app_main.c:970:7:ver_GetUid	24	static
../Core/Src/app_main.c:992:6:app_main	40	static
