../Core/Src/stm32f4xx_it.c:77:6:NMI_Handler	8	static
../Core/Src/stm32f4xx_it.c:92:6:HardFault_Handler	8	static
../Core/Src/stm32f4xx_it.c:107:6:MemManage_Handler	8	static
../Core/Src/stm32f4xx_it.c:122:6:BusFault_Handler	8	static
../Core/Src/stm32f4xx_it.c:137:6:UsageFault_Handler	8	static
../Core/Src/stm32f4xx_it.c:152:6:SVC_Handler	8	static
../Core/Src/stm32f4xx_it.c:165:6:DebugMon_Handler	8	static
../Core/Src/stm32f4xx_it.c:178:6:PendSV_Handler	8	static
../Core/Src/stm32f4xx_it.c:191:6:SysTick_Handler	8	static
../Core/Src/stm32f4xx_it.c:212:6:EXTI9_5_IRQHandler	8	static
../Core/Src/stm32f4xx_it.c:226:6:TIM2_IRQHandler	8	static
../Core/Src/stm32f4xx_it.c:240:6:USART1_IRQHandler	8	static
../Core/Src/stm32f4xx_it.c:254:6:USART2_IRQHandler	8	static
../Core/Src/stm32f4xx_it.c:268:6:EXTI15_10_IRQHandler	8	static
../Core/Src/stm32f4xx_it.c:282:6:RTC_Alarm_IRQHandler	8	static
../Core/Src/stm32f4xx_it.c:296:6:OTG_FS_WKUP_IRQHandler	8	static
../Core/Src/stm32f4xx_it.c:317:6:OTG_FS_IRQHandler	8	static
../Core/Src/stm32f4xx_it.c:331:6:DMA2_Stream5_IRQHandler	8	static
