../Embedded_CLI/console.c:76:6:HAL_UART_RxCpltCallback	24	static
../Embedded_CLI/console.c:111:13:writeCharToCli	24	static
../Embedded_CLI/console.c:118:6:cli_printf	540	static
../Embedded_CLI/console.c:138:6:receiveString	40	static
../Embedded_CLI/console.c:198:6:onClearCLI	24	static
../Embedded_CLI/console.c:202:6:debug_scd4x_PM25	80	static
../Embedded_CLI/console.c:230:6:DeviceSignature	24	static
../Embedded_CLI/console.c:237:6:SetID	80	static
../Embedded_CLI/console.c:271:6:SetLocation	80	static
../Embedded_CLI/console.c:306:6:Setname	80	static
../Embedded_CLI/console.c:341:6:Setgroup	80	static
../Embedded_CLI/console.c:379:6:GetID	24	static
../Embedded_CLI/console.c:383:6:GetLocation	24	static
../Embedded_CLI/console.c:388:6:Getname	24	static
../Embedded_CLI/console.c:393:6:Getgroup	24	static
../Embedded_CLI/console.c:405:6:SetDate	112	static
../Embedded_CLI/console.c:428:6:SetTime	112	static
../Embedded_CLI/console.c:452:6:GetDate	56	static
../Embedded_CLI/console.c:466:6:GetTime	56	static
../Embedded_CLI/console.c:477:6:SetInterval	80	static
../Embedded_CLI/console.c:514:6:GetInterval	24	static
../Embedded_CLI/console.c:520:6:SetFilename	80	static
../Embedded_CLI/console.c:560:6:GetFilename	24	static
../Embedded_CLI/console.c:566:6:SetFileformat	80	static
../Embedded_CLI/console.c:604:6:GetFileformat	24	static
../Embedded_CLI/console.c:610:6:fanclean	96	static
../Embedded_CLI/console.c:665:6:co2calibrate	96	static
../Embedded_CLI/console.c:729:6:SystemRestart	80	static
../Embedded_CLI/console.c:755:6:Co2Level	24	static
../Embedded_CLI/console.c:764:6:TempLevel	24	static
../Embedded_CLI/console.c:775:6:HumidLevel	24	static
../Embedded_CLI/console.c:786:6:MotionDetection	24	static
../Embedded_CLI/console.c:827:6:AirQuality	24	static
../Embedded_CLI/console.c:859:6:BattVolt	24	static
../Embedded_CLI/console.c:872:6:initializeEmbeddedCli	624	static
../Embedded_CLI/console.c:1038:6:console_process	8	static
../Embedded_CLI/console.c:1044:6:console_uart_deinit	8	static
../Embedded_CLI/console.c:1049:6:console_uart_init	8	static
../Embedded_CLI/console.c:1067:6:console_init	8	static
