../Embedded_CLI/console.c:74:6:HAL_UART_RxCpltCallback	24	static
../Embedded_CLI/console.c:109:13:writeCharToCli	24	static
../Embedded_CLI/console.c:116:6:cli_printf	540	static
../Embedded_CLI/console.c:136:6:receiveString	40	static
../Embedded_CLI/console.c:184:6:onClearCLI	24	static
../Embedded_CLI/console.c:188:6:debug_scd4x_PM25	80	static
../Embedded_CLI/console.c:216:6:DeviceSignature	24	static
../Embedded_CLI/console.c:223:6:SetID	80	static
../Embedded_CLI/console.c:257:6:SetLocation	80	static
../Embedded_CLI/console.c:292:6:Setname	80	static
../Embedded_CLI/console.c:327:6:Setgroup	80	static
../Embedded_CLI/console.c:365:6:GetID	24	static
../Embedded_CLI/console.c:369:6:GetLocation	24	static
../Embedded_CLI/console.c:374:6:Getname	24	static
../Embedded_CLI/console.c:379:6:Getgroup	24	static
../Embedded_CLI/console.c:391:6:SetDate	112	static
../Embedded_CLI/console.c:414:6:SetTime	112	static
../Embedded_CLI/console.c:438:6:GetDate	56	static
../Embedded_CLI/console.c:452:6:GetTime	56	static
../Embedded_CLI/console.c:463:6:SetInterval	80	static
../Embedded_CLI/console.c:500:6:GetInterval	24	static
../Embedded_CLI/console.c:506:6:SetFilename	80	static
../Embedded_CLI/console.c:546:6:GetFilename	24	static
../Embedded_CLI/console.c:552:6:SetFileformat	80	static
../Embedded_CLI/console.c:590:6:GetFileformat	24	static
../Embedded_CLI/console.c:596:6:fanclean	96	static
../Embedded_CLI/console.c:650:6:co2calibrate	96	static
../Embedded_CLI/console.c:709:6:SystemRestart	80	static
../Embedded_CLI/console.c:735:6:Co2Level	24	static
../Embedded_CLI/console.c:740:6:TempLevel	24	static
../Embedded_CLI/console.c:745:6:HumidLevel	24	static
../Embedded_CLI/console.c:752:6:MotionDetection	24	static
../Embedded_CLI/console.c:782:6:AirQuality	24	static
../Embedded_CLI/console.c:800:6:BattVolt	24	static
../Embedded_CLI/console.c:813:6:initializeEmbeddedCli	624	static
../Embedded_CLI/console.c:979:6:console_process	8	static
../Embedded_CLI/console.c:985:6:console_uart_deinit	8	static
../Embedded_CLI/console.c:990:6:console_uart_init	8	static
../Embedded_CLI/console.c:1008:6:console_init	8	static
