../Embedded_CLI/console.c:77:6:HAL_UART_RxCpltCallback	24	static
../Embedded_CLI/console.c:112:13:writeCharToCli	24	static
../Embedded_CLI/console.c:119:6:cli_printf	540	static
../Embedded_CLI/console.c:139:6:receiveString	40	static
../Embedded_CLI/console.c:199:6:onClearCLI	24	static
../Embedded_CLI/console.c:203:6:debug_scd4x_PM25	80	static
../Embedded_CLI/console.c:231:6:DeviceSignature	24	static
../Embedded_CLI/console.c:238:6:SetID	80	static
../Embedded_CLI/console.c:272:6:SetLocation	80	static
../Embedded_CLI/console.c:307:6:Setname	80	static
../Embedded_CLI/console.c:342:6:Setgroup	80	static
../Embedded_CLI/console.c:380:6:GetID	24	static
../Embedded_CLI/console.c:384:6:GetLocation	24	static
../Embedded_CLI/console.c:389:6:Getname	24	static
../Embedded_CLI/console.c:394:6:Getgroup	24	static
../Embedded_CLI/console.c:406:6:SetDate	112	static
../Embedded_CLI/console.c:429:6:SetTime	112	static
../Embedded_CLI/console.c:453:6:GetDate	56	static
../Embedded_CLI/console.c:467:6:GetTime	56	static
../Embedded_CLI/console.c:478:6:SetInterval	80	static
../Embedded_CLI/console.c:515:6:GetInterval	24	static
../Embedded_CLI/console.c:521:6:SetFilename	80	static
../Embedded_CLI/console.c:561:6:GetFilename	24	static
../Embedded_CLI/console.c:567:6:SetFileformat	80	static
../Embedded_CLI/console.c:605:6:GetFileformat	24	static
../Embedded_CLI/console.c:611:6:fanclean	96	static
../Embedded_CLI/console.c:666:6:co2calibrate	96	static
../Embedded_CLI/console.c:730:6:SystemRestart	80	static
../Embedded_CLI/console.c:756:6:Co2Level	24	static
../Embedded_CLI/console.c:765:6:TempLevel	24	static
../Embedded_CLI/console.c:776:6:HumidLevel	24	static
../Embedded_CLI/console.c:787:6:MotionDetection	24	static
../Embedded_CLI/console.c:828:6:AirQuality	24	static
../Embedded_CLI/console.c:860:6:BattVolt	24	static
../Embedded_CLI/console.c:869:6:port	24	static
../Embedded_CLI/console.c:875:6:showall	160	static
../Embedded_CLI/console.c:961:6:initializeEmbeddedCli	624	static
../Embedded_CLI/console.c:1137:6:console_process	8	static
../Embedded_CLI/console.c:1143:6:console_uart_deinit	8	static
../Embedded_CLI/console.c:1148:6:console_uart_init	8	static
../Embedded_CLI/console.c:1166:6:console_init	8	static
