../Embedded_CLI/console.c:74:6:HAL_UART_RxCpltCallback	24	static
../Embedded_CLI/console.c:109:13:writeCharToCli	24	static
../Embedded_CLI/console.c:116:6:cli_printf	540	static
../Embedded_CLI/console.c:136:6:receiveString	40	static
../Embedded_CLI/console.c:189:6:onClearCLI	24	static
../Embedded_CLI/console.c:193:6:debug_scd4x_PM25	80	static
../Embedded_CLI/console.c:216:6:DeviceSignature	24	static
../Embedded_CLI/console.c:223:6:SetID	80	static
../Embedded_CLI/console.c:255:6:SetLocation	80	static
../Embedded_CLI/console.c:288:6:Setname	80	static
../Embedded_CLI/console.c:320:6:Setgroup	80	static
../Embedded_CLI/console.c:352:6:GetID	24	static
../Embedded_CLI/console.c:356:6:GetLocation	24	static
../Embedded_CLI/console.c:361:6:Getname	24	static
../Embedded_CLI/console.c:366:6:Getgroup	24	static
../Embedded_CLI/console.c:371:6:SetDate	112	static
../Embedded_CLI/console.c:396:6:SetTime	112	static
../Embedded_CLI/console.c:422:6:GetDate	56	static
../Embedded_CLI/console.c:434:6:GetTime	56	static
../Embedded_CLI/console.c:445:6:SetInterval	80	static
../Embedded_CLI/console.c:479:6:GetInterval	24	static
../Embedded_CLI/console.c:485:6:SetFilename	112	static
../Embedded_CLI/console.c:531:6:GetFilename	24	static
../Embedded_CLI/console.c:537:6:SetFileformat	80	static
../Embedded_CLI/console.c:573:6:GetFileformat	24	static
../Embedded_CLI/console.c:579:6:fanclean	96	static
../Embedded_CLI/console.c:629:6:co2calibrate	96	static
../Embedded_CLI/console.c:699:6:SystemRestart	80	static
../Embedded_CLI/console.c:721:6:Co2Level	24	static
../Embedded_CLI/console.c:739:6:TempLevel	24	static
../Embedded_CLI/console.c:757:6:HumidLevel	24	static
../Embedded_CLI/console.c:778:6:MotionDetection	24	static
../Embedded_CLI/console.c:816:6:AirQuality	24	static
../Embedded_CLI/console.c:844:6:BattVolt	24	static
../Embedded_CLI/console.c:852:6:port	24	static
../Embedded_CLI/console.c:856:6:showall	160	static
../Embedded_CLI/console.c:955:6:systemversion	24	static
../Embedded_CLI/console.c:971:6:aboutDev	24	static
../Embedded_CLI/console.c:988:6:initializeEmbeddedCli	664	static
../Embedded_CLI/console.c:1166:6:console_process	8	static
../Embedded_CLI/console.c:1170:6:console_uart_deinit	8	static
../Embedded_CLI/console.c:1174:6:console_uart_init	8	static
../Embedded_CLI/console.c:1190:6:console_init	8	static
