../Embedded_CLI/console.c:74:6:HAL_UART_RxCpltCallback	24	static
../Embedded_CLI/console.c:109:13:writeCharToCli	24	static
../Embedded_CLI/console.c:116:6:cli_printf	540	static
../Embedded_CLI/console.c:136:6:receiveString	32	static
../Embedded_CLI/console.c:168:6:onClearCLI	24	static
../Embedded_CLI/console.c:172:6:debug_scd4x_PM25	80	static
../Embedded_CLI/console.c:200:6:DeviceSignature	24	static
../Embedded_CLI/console.c:207:6:SetID	80	static
../Embedded_CLI/console.c:241:6:SetLocation	80	static
../Embedded_CLI/console.c:276:6:Setname	80	static
../Embedded_CLI/console.c:311:6:Setgroup	80	static
../Embedded_CLI/console.c:349:6:GetID	24	static
../Embedded_CLI/console.c:353:6:GetLocation	24	static
../Embedded_CLI/console.c:358:6:Getname	24	static
../Embedded_CLI/console.c:363:6:Getgroup	24	static
../Embedded_CLI/console.c:375:6:SetDate	112	static
../Embedded_CLI/console.c:398:6:SetTime	112	static
../Embedded_CLI/console.c:422:6:GetDate	56	static
../Embedded_CLI/console.c:436:6:GetTime	56	static
../Embedded_CLI/console.c:447:6:SetInterval	80	static
../Embedded_CLI/console.c:484:6:GetInterval	24	static
../Embedded_CLI/console.c:490:6:SetFilename	80	static
../Embedded_CLI/console.c:529:6:GetFilename	24	static
../Embedded_CLI/console.c:535:6:SetFileformat	80	static
../Embedded_CLI/console.c:573:6:GetFileformat	24	static
../Embedded_CLI/console.c:579:6:fanclean	96	static
../Embedded_CLI/console.c:629:6:co2calibrate	96	static
../Embedded_CLI/console.c:687:6:SystemRestart	80	static
../Embedded_CLI/console.c:713:6:Co2Level	24	static
../Embedded_CLI/console.c:718:6:TempLevel	24	static
../Embedded_CLI/console.c:723:6:HumidLevel	24	static
../Embedded_CLI/console.c:730:6:MotionDetection	24	static
../Embedded_CLI/console.c:760:6:AirQuality	24	static
../Embedded_CLI/console.c:778:6:BattVolt	24	static
../Embedded_CLI/console.c:791:6:initializeEmbeddedCli	624	static
../Embedded_CLI/console.c:957:6:console_process	8	static
../Embedded_CLI/console.c:963:6:console_uart_deinit	8	static
../Embedded_CLI/console.c:968:6:console_uart_init	8	static
../Embedded_CLI/console.c:986:6:console_init	8	static
