../Embedded_CLI/console.c:72:6:HAL_UART_RxCpltCallback	24	static
../Embedded_CLI/console.c:107:13:writeCharToCli	24	static
../Embedded_CLI/console.c:114:6:cli_printf	540	static
../Embedded_CLI/console.c:134:6:receiveString	40	static
../Embedded_CLI/console.c:166:6:onClearCLI	24	static
../Embedded_CLI/console.c:170:6:debug_scd4x_PM25	80	static
../Embedded_CLI/console.c:198:6:DeviceSignature	24	static
../Embedded_CLI/console.c:205:6:SetID	80	static
../Embedded_CLI/console.c:237:6:SetLocation	80	static
../Embedded_CLI/console.c:270:6:Setname	80	static
../Embedded_CLI/console.c:303:6:Setgroup	80	static
../Embedded_CLI/console.c:338:6:SetDate	112	static
../Embedded_CLI/console.c:361:6:SetTime	112	static
../Embedded_CLI/console.c:385:6:GetDate	56	static
../Embedded_CLI/console.c:399:6:GetTime	56	static
../Embedded_CLI/console.c:410:6:SetInterval	80	static
../Embedded_CLI/console.c:445:6:GetInterval	24	static
../Embedded_CLI/console.c:451:6:SetFilename	80	static
../Embedded_CLI/console.c:488:6:GetFilename	24	static
../Embedded_CLI/console.c:494:6:SetFileformat	80	static
../Embedded_CLI/console.c:530:6:GetFileformat	24	static
../Embedded_CLI/console.c:536:6:Devicecalibrate	96	static
../Embedded_CLI/console.c:609:6:SystemRestart	80	static
../Embedded_CLI/console.c:635:6:Co2Level	24	static
../Embedded_CLI/console.c:640:6:TempLevel	24	static
../Embedded_CLI/console.c:645:6:HumidLevel	24	static
../Embedded_CLI/console.c:652:6:MotionDetection	24	static
../Embedded_CLI/console.c:682:6:AirQuality	24	static
../Embedded_CLI/console.c:693:6:BattVolt	24	static
../Embedded_CLI/console.c:706:6:initializeEmbeddedCli	528	static
../Embedded_CLI/console.c:847:6:console_process	8	static
../Embedded_CLI/console.c:853:6:console_uart_deinit	8	static
../Embedded_CLI/console.c:858:6:console_uart_init	8	static
../Embedded_CLI/console.c:876:6:console_init	8	static
