../Embedded_CLI/console.c:73:6:HAL_UART_RxCpltCallback	24	static
../Embedded_CLI/console.c:108:13:writeCharToCli	24	static
../Embedded_CLI/console.c:115:6:cli_printf	540	static
../Embedded_CLI/console.c:135:6:receiveString	40	static
../Embedded_CLI/console.c:188:6:onClearCLI	24	static
../Embedded_CLI/console.c:192:6:debug_scd4x_PM25	80	static
../Embedded_CLI/console.c:215:6:DeviceSignature	24	static
../Embedded_CLI/console.c:222:6:SetID	80	static
../Embedded_CLI/console.c:254:6:SetLocation	80	static
../Embedded_CLI/console.c:287:6:Setname	80	static
../Embedded_CLI/console.c:319:6:Setgroup	80	static
../Embedded_CLI/console.c:351:6:GetID	24	static
../Embedded_CLI/console.c:355:6:GetLocation	24	static
../Embedded_CLI/console.c:360:6:Getname	24	static
../Embedded_CLI/console.c:365:6:Getgroup	24	static
../Embedded_CLI/console.c:370:6:SetDate	112	static
../Embedded_CLI/console.c:395:6:SetTime	112	static
../Embedded_CLI/console.c:421:6:GetDate	56	static
../Embedded_CLI/console.c:433:6:GetTime	56	static
../Embedded_CLI/console.c:444:6:SetInterval	80	static
../Embedded_CLI/console.c:478:6:GetInterval	24	static
../Embedded_CLI/console.c:484:6:SetFilename	80	static
../Embedded_CLI/console.c:522:6:GetFilename	24	static
../Embedded_CLI/console.c:528:6:SetFileformat	80	static
../Embedded_CLI/console.c:564:6:GetFileformat	24	static
../Embedded_CLI/console.c:570:6:fanclean	96	static
../Embedded_CLI/console.c:620:6:co2calibrate	96	static
../Embedded_CLI/console.c:685:6:SystemRestart	80	static
../Embedded_CLI/console.c:707:6:Co2Level	24	static
../Embedded_CLI/console.c:716:6:TempLevel	24	static
../Embedded_CLI/console.c:725:6:HumidLevel	24	static
../Embedded_CLI/console.c:736:6:MotionDetection	24	static
../Embedded_CLI/console.c:774:6:AirQuality	24	static
../Embedded_CLI/console.c:802:6:BattVolt	24	static
../Embedded_CLI/console.c:810:6:port	24	static
../Embedded_CLI/console.c:814:6:showall	160	static
../Embedded_CLI/console.c:902:6:initializeEmbeddedCli	624	static
../Embedded_CLI/console.c:1070:6:console_process	8	static
../Embedded_CLI/console.c:1074:6:console_uart_deinit	8	static
../Embedded_CLI/console.c:1078:6:console_uart_init	8	static
../Embedded_CLI/console.c:1094:6:console_init	8	static
