../Embedded_CLI/embedded_cli.c:374:20:embeddedCliDefaultConfig	4	static
../Embedded_CLI/embedded_cli.c:386:10:embeddedCliRequiredSize	24	static
../Embedded_CLI/embedded_cli.c:398:14:embeddedCliNew	40	static
../Embedded_CLI/embedded_cli.c:461:14:embeddedCliNewDefault	8	static
../Embedded_CLI/embedded_cli.c:465:6:embeddedCliReceiveChar	24	static
../Embedded_CLI/embedded_cli.c:473:6:embeddedCliProcess	24	static
../Embedded_CLI/embedded_cli.c:512:6:embeddedCliAddBinding	32	static
../Embedded_CLI/embedded_cli.c:523:6:embeddedCliPrint	24	static
../Embedded_CLI/embedded_cli.c:547:6:embeddedCliFree	24	static
../Embedded_CLI/embedded_cli.c:555:6:embeddedCliTokenizeArgs	40	static
../Embedded_CLI/embedded_cli.c:597:13:embeddedCliGetToken	24	static
../Embedded_CLI/embedded_cli.c:606:7:embeddedCliGetTokenVariable	24	static
../Embedded_CLI/embedded_cli.c:615:10:embeddedCliFindToken	24	static
../Embedded_CLI/embedded_cli.c:628:10:embeddedCliGetTokenCount	24	static
../Embedded_CLI/embedded_cli.c:646:13:navigateHistory	32	static
../Embedded_CLI/embedded_cli.c:677:13:onEscapedInput	24	static
../Embedded_CLI/embedded_cli.c:692:13:onCharInput	24	static
../Embedded_CLI/embedded_cli.c:706:13:onControlInput	24	static
../Embedded_CLI/embedded_cli.c:742:13:parseCommand	72	static
../Embedded_CLI/embedded_cli.c:821:13:initInternalBindings	56	static
../Embedded_CLI/embedded_cli.c:832:13:onHelp	56	static
../Embedded_CLI/embedded_cli.c:885:13:onUnknownCommand	16	static
../Embedded_CLI/embedded_cli.c:892:29:getAutocompletedCommand	64	static
../Embedded_CLI/embedded_cli.c:946:13:printLiveAutocompletion	40	static
../Embedded_CLI/embedded_cli.c:973:13:onAutocompleteRequest	40	static
../Embedded_CLI/embedded_cli.c:1019:13:clearCurrentLine	40	static
../Embedded_CLI/embedded_cli.c:1031:13:writeToOutput	24	static
../Embedded_CLI/embedded_cli.c:1039:13:isControlChar	16	static
../Embedded_CLI/embedded_cli.c:1043:13:isDisplayableChar	16	static
../Embedded_CLI/embedded_cli.c:1047:17:fifoBufAvailable	16	static
../Embedded_CLI/embedded_cli.c:1054:13:fifoBufPop	24	static
../Embedded_CLI/embedded_cli.c:1063:13:fifoBufPush	24	static
../Embedded_CLI/embedded_cli.c:1073:13:historyPut	40	static
../Embedded_CLI/embedded_cli.c:1107:20:historyGet	16	static
../Embedded_CLI/embedded_cli.c:1116:13:historyRemove	32	static
../Embedded_CLI/embedded_cli.c:1145:17:getTokenPosition	24	static
