../Embedded_CLI/embedded_cli.c:375:20:embeddedCliDefaultConfig	4	static
../Embedded_CLI/embedded_cli.c:387:10:embeddedCliRequiredSize	24	static
../Embedded_CLI/embedded_cli.c:399:14:embeddedCliNew	40	static
../Embedded_CLI/embedded_cli.c:462:14:embeddedCliNewDefault	8	static
../Embedded_CLI/embedded_cli.c:466:6:embeddedCliReceiveChar	24	static
../Embedded_CLI/embedded_cli.c:474:6:embeddedCliProcess	24	static
../Embedded_CLI/embedded_cli.c:513:6:embeddedCliAddBinding	32	static
../Embedded_CLI/embedded_cli.c:524:6:embeddedCliPrint	24	static
../Embedded_CLI/embedded_cli.c:548:6:embeddedCliFree	24	static
../Embedded_CLI/embedded_cli.c:556:6:embeddedCliTokenizeArgs	40	static
../Embedded_CLI/embedded_cli.c:598:13:embeddedCliGetToken	24	static
../Embedded_CLI/embedded_cli.c:607:7:embeddedCliGetTokenVariable	24	static
../Embedded_CLI/embedded_cli.c:616:10:embeddedCliFindToken	24	static
../Embedded_CLI/embedded_cli.c:629:10:embeddedCliGetTokenCount	24	static
../Embedded_CLI/embedded_cli.c:647:13:navigateHistory	32	static
../Embedded_CLI/embedded_cli.c:678:13:onEscapedInput	24	static
../Embedded_CLI/embedded_cli.c:693:13:onCharInput	24	static
../Embedded_CLI/embedded_cli.c:707:13:onControlInput	24	static
../Embedded_CLI/embedded_cli.c:743:13:parseCommand	72	static
../Embedded_CLI/embedded_cli.c:822:13:initInternalBindings	56	static
../Embedded_CLI/embedded_cli.c:841:13:onHelp	56	static
../Embedded_CLI/embedded_cli.c:923:13:onUnknownCommand	16	static
../Embedded_CLI/embedded_cli.c:930:29:getAutocompletedCommand	64	static
../Embedded_CLI/embedded_cli.c:984:13:printLiveAutocompletion	40	static
../Embedded_CLI/embedded_cli.c:1011:13:onAutocompleteRequest	40	static
../Embedded_CLI/embedded_cli.c:1057:13:clearCurrentLine	40	static
../Embedded_CLI/embedded_cli.c:1069:13:writeToOutput	24	static
../Embedded_CLI/embedded_cli.c:1077:13:isControlChar	16	static
../Embedded_CLI/embedded_cli.c:1081:13:isDisplayableChar	16	static
../Embedded_CLI/embedded_cli.c:1085:17:fifoBufAvailable	16	static
../Embedded_CLI/embedded_cli.c:1092:13:fifoBufPop	24	static
../Embedded_CLI/embedded_cli.c:1101:13:fifoBufPush	24	static
../Embedded_CLI/embedded_cli.c:1111:13:historyPut	40	static
../Embedded_CLI/embedded_cli.c:1145:20:historyGet	16	static
../Embedded_CLI/embedded_cli.c:1154:13:historyRemove	32	static
../Embedded_CLI/embedded_cli.c:1183:17:getTokenPosition	24	static
